src/common/decorators/api-file.decorator.ts(2,38): error TS2307: Cannot find module '@nestjs/swagger' or its corresponding type declarations.
src/common/guards/jwt-auth.guard.ts(49,74): error TS18046: 'error' is of type 'unknown'.
src/common/guards/jwt-auth.guard.ts(49,91): error TS18046: 'error' is of type 'unknown'.
src/infrastructure/fcm/fcm.service.ts(10,11): error TS2564: Property 'app' has no initializer and is not definitely assigned in the constructor.
src/infrastructure/minio/minio.service.ts(95,51): error TS18046: 'error' is of type 'unknown'.
src/infrastructure/minio/minio.service.ts(104,51): error TS18046: 'error' is of type 'unknown'.
src/infrastructure/minio/minio.service.ts(113,60): error TS18046: 'error' is of type 'unknown'.
src/infrastructure/mqtt/mqtt.service.ts(8,11): error TS2564: Property 'client' has no initializer and is not definitely assigned in the constructor.
src/infrastructure/otp/otp.service.ts(65,32): error TS2551: Property 'expiredAt' does not exist on type 'Document<unknown, {}, OtpCodeDocument, {}, {}> & OtpCode & Document<ObjectId, any, any, Record<string, any>, {}> & Required<...> & { ...; }'. Did you mean 'expired_at'?
src/infrastructure/redis/redis.service.ts(8,11): error TS2564: Property 'client' has no initializer and is not definitely assigned in the constructor.
src/modules/auth/auth.service.ts(135,29): error TS2769: No overload matches this call.
  Overload 1 of 5, '(payload: string | object | Buffer<ArrayBufferLike>, secretOrPrivateKey: null, options?: (SignOptions & { algorithm: "none"; }) | undefined): string', gave the following error.
    Argument of type 'string' is not assignable to parameter of type 'null'.
  Overload 2 of 5, '(payload: string | object | Buffer<ArrayBufferLike>, secretOrPrivateKey: Buffer<ArrayBufferLike> | Secret | JsonWebKeyInput | PrivateKeyInput, options?: SignOptions | undefined): string', gave the following error.
    Type 'string' is not assignable to type 'number | StringValue | undefined'.
  Overload 3 of 5, '(payload: string | object | Buffer<ArrayBufferLike>, secretOrPrivateKey: Buffer<ArrayBufferLike> | Secret | JsonWebKeyInput | PrivateKeyInput, callback: SignCallback): void', gave the following error.
    Object literal may only specify known properties, and 'expiresIn' does not exist in type 'SignCallback'.
src/modules/auth/auth.service.ts(142,30): error TS2769: No overload matches this call.
  Overload 1 of 5, '(payload: string | object | Buffer<ArrayBufferLike>, secretOrPrivateKey: null, options?: (SignOptions & { algorithm: "none"; }) | undefined): string', gave the following error.
    Argument of type 'string' is not assignable to parameter of type 'null'.
  Overload 2 of 5, '(payload: string | object | Buffer<ArrayBufferLike>, secretOrPrivateKey: Buffer<ArrayBufferLike> | Secret | JsonWebKeyInput | PrivateKeyInput, options?: SignOptions | undefined): string', gave the following error.
    Type 'string' is not assignable to type 'number | StringValue | undefined'.
  Overload 3 of 5, '(payload: string | object | Buffer<ArrayBufferLike>, secretOrPrivateKey: Buffer<ArrayBufferLike> | Secret | JsonWebKeyInput | PrivateKeyInput, callback: SignCallback): void', gave the following error.
    Object literal may only specify known properties, and 'expiresIn' does not exist in type 'SignCallback'.
src/modules/auth/dto/login.dto.ts(6,3): error TS2564: Property 'phoneOrUsername' has no initializer and is not definitely assigned in the constructor.
src/modules/auth/dto/login.dto.ts(10,3): error TS2564: Property 'password' has no initializer and is not definitely assigned in the constructor.
src/modules/auth/dto/refresh-token.dto.ts(6,3): error TS2564: Property 'refresh_token' has no initializer and is not definitely assigned in the constructor.
src/modules/auth/dto/register.dto.ts(7,3): error TS2564: Property 'phone' has no initializer and is not definitely assigned in the constructor.
src/modules/auth/dto/register.dto.ts(12,3): error TS2564: Property 'username' has no initializer and is not definitely assigned in the constructor.
src/modules/auth/dto/register.dto.ts(17,3): error TS2564: Property 'password' has no initializer and is not definitely assigned in the constructor.
src/modules/auth/schemas/device-token.schema.ts(9,3): error TS2564: Property 'user_id' has no initializer and is not definitely assigned in the constructor.
src/modules/auth/schemas/device-token.schema.ts(12,3): error TS2564: Property 'device_id' has no initializer and is not definitely assigned in the constructor.
src/modules/auth/schemas/device-token.schema.ts(15,3): error TS2564: Property 'fcm_token' has no initializer and is not definitely assigned in the constructor.
src/modules/auth/schemas/device-token.schema.ts(21,3): error TS2564: Property 'platform' has no initializer and is not definitely assigned in the constructor.
src/modules/auth/schemas/otp-code.schema.ts(12,3): error TS2564: Property 'phone' has no initializer and is not definitely assigned in the constructor.
src/modules/auth/schemas/otp-code.schema.ts(18,3): error TS2564: Property 'code' has no initializer and is not definitely assigned in the constructor.
src/modules/auth/schemas/otp-code.schema.ts(24,3): error TS2564: Property 'purpose' has no initializer and is not definitely assigned in the constructor.
src/modules/auth/schemas/otp-code.schema.ts(27,3): error TS2564: Property 'expired_at' has no initializer and is not definitely assigned in the constructor.
src/modules/auth/schemas/otp-code.schema.ts(30,3): error TS2564: Property 'used' has no initializer and is not definitely assigned in the constructor.
src/modules/call/schemas/call-log.schema.ts(9,3): error TS2564: Property 'caller_id' has no initializer and is not definitely assigned in the constructor.
src/modules/call/schemas/call-log.schema.ts(12,3): error TS2564: Property 'callee_id' has no initializer and is not definitely assigned in the constructor.
src/modules/call/schemas/call-log.schema.ts(18,3): error TS2564: Property 'type' has no initializer and is not definitely assigned in the constructor.
src/modules/call/schemas/call-log.schema.ts(31,3): error TS2564: Property 'status' has no initializer and is not definitely assigned in the constructor.
src/modules/chat/chat.service.ts(235,40): error TS2345: Argument of type 'Date | undefined' is not assignable to parameter of type 'number'.
  Type 'undefined' is not assignable to type 'number'.
src/modules/chat/schemas/conversation.schema.ts(13,3): error TS2564: Property 'type' has no initializer and is not definitely assigned in the constructor.
src/modules/chat/schemas/conversation.schema.ts(16,3): error TS2564: Property 'participant_ids' has no initializer and is not definitely assigned in the constructor.
src/modules/chat/schemas/message.schema.ts(17,3): error TS2564: Property 'conversation_id' has no initializer and is not definitely assigned in the constructor.
src/modules/chat/schemas/message.schema.ts(20,3): error TS2564: Property 'sender_id' has no initializer and is not definitely assigned in the constructor.
src/modules/chat/schemas/message.schema.ts(27,3): error TS2564: Property 'type' has no initializer and is not definitely assigned in the constructor.
src/modules/chat/schemas/message.schema.ts(47,3): error TS2564: Property 'delivered_to' has no initializer and is not definitely assigned in the constructor.
src/modules/chat/schemas/message.schema.ts(50,3): error TS2564: Property 'read_by' has no initializer and is not definitely assigned in the constructor.
src/modules/contact/contact.service.ts(40,11): error TS18047: 'user' is possibly 'null'.
src/modules/contact/contact.service.ts(41,17): error TS18047: 'user' is possibly 'null'.
src/modules/contact/contact.service.ts(42,18): error TS18047: 'user' is possibly 'null'.
src/modules/contact/contact.service.ts(43,19): error TS18047: 'user' is possibly 'null'.
src/modules/contact/contact.service.ts(44,14): error TS18047: 'user' is possibly 'null'.
src/modules/contact/contact.service.ts(45,62): error TS18047: 'user' is possibly 'null'.
src/modules/contact/schemas/contact.schema.ts(9,3): error TS2564: Property 'owner_id' has no initializer and is not definitely assigned in the constructor.
src/modules/contact/schemas/contact.schema.ts(12,3): error TS2564: Property 'contact_user_id' has no initializer and is not definitely assigned in the constructor.
src/modules/contact/schemas/contact.schema.ts(18,3): error TS2564: Property 'source' has no initializer and is not definitely assigned in the constructor.
src/modules/contact/schemas/contact.schema.ts(25,3): error TS2564: Property 'contact_type' has no initializer and is not definitely assigned in the constructor.
src/modules/follow/follow.service.ts(48,11): error TS18047: 'user' is possibly 'null'.
src/modules/follow/follow.service.ts(49,17): error TS18047: 'user' is possibly 'null'.
src/modules/follow/follow.service.ts(50,18): error TS18047: 'user' is possibly 'null'.
src/modules/follow/follow.service.ts(51,19): error TS18047: 'user' is possibly 'null'.
src/modules/follow/follow.service.ts(60,11): error TS18047: 'user' is possibly 'null'.
src/modules/follow/follow.service.ts(61,17): error TS18047: 'user' is possibly 'null'.
src/modules/follow/follow.service.ts(62,18): error TS18047: 'user' is possibly 'null'.
src/modules/follow/follow.service.ts(63,19): error TS18047: 'user' is possibly 'null'.
src/modules/follow/schemas/follow.schema.ts(9,3): error TS2564: Property 'follower_id' has no initializer and is not definitely assigned in the constructor.
src/modules/follow/schemas/follow.schema.ts(12,3): error TS2564: Property 'following_id' has no initializer and is not definitely assigned in the constructor.
src/modules/post/schemas/post-comment.schema.ts(9,3): error TS2564: Property 'post_id' has no initializer and is not definitely assigned in the constructor.
src/modules/post/schemas/post-comment.schema.ts(12,3): error TS2564: Property 'user_id' has no initializer and is not definitely assigned in the constructor.
src/modules/post/schemas/post-comment.schema.ts(15,3): error TS2564: Property 'text' has no initializer and is not definitely assigned in the constructor.
src/modules/post/schemas/post-comment.schema.ts(22,3): error TS2564: Property 'type' has no initializer and is not definitely assigned in the constructor.
src/modules/session/schemas/session.schema.ts(9,3): error TS2564: Property 'user_id' has no initializer and is not definitely assigned in the constructor.
src/modules/session/schemas/session.schema.ts(12,3): error TS2564: Property 'device_id' has no initializer and is not definitely assigned in the constructor.
src/modules/session/schemas/session.schema.ts(15,3): error TS2564: Property 'refresh_token_hash' has no initializer and is not definitely assigned in the constructor.
src/modules/session/schemas/session.schema.ts(21,3): error TS2564: Property 'expires_at' has no initializer and is not definitely assigned in the constructor.
src/modules/story/story.controller.ts(53,9): error TS2322: Type 'string' is not assignable to type '"public" | "contacts" | "followers" | "following" | undefined'.
src/modules/user/schemas/user.schema.ts(9,3): error TS2564: Property 'phone' has no initializer and is not definitely assigned in the constructor.
src/modules/user/schemas/user.schema.ts(12,3): error TS2564: Property 'username' has no initializer and is not definitely assigned in the constructor.
src/modules/user/schemas/user.schema.ts(33,3): error TS2564: Property 'password_hash' has no initializer and is not definitely assigned in the constructor.
src/scripts/cleanup-conversations.ts(2,27): error TS2307: Cannot find module './app.module' or its corresponding type declarations.
src/scripts/cleanup-conversations.ts(5,30): error TS2307: Cannot find module './modules/chat/schemas/conversation.schema' or its corresponding type declarations.
